[backblue.gif]
[fade.gif]
[index.html]
[www.inarco.com.pe/wp-content/uploads/2019/01/favicon-16x16.png]
[www.inarco.com.pe/feed/index.html]
[code.jquery.com/jquery-1.11.1.min.js]
[www.inarco.com.pe/wp-json/wp/v2/pages/7.json]
[www.inarco.com.pe/wp-json/index.html]
[www.inarco.com.pe/xmlrpc0db0.php]
[www.inarco.com.pe/wp-includes/wlwmanifest.xml]
[www.inarco.com.pe/wp-json/oembed/1.0/embedbe7c.json]
[www.inarco.com.pe/wp-json/oembed/1.0/embed97ce]
[www.inarco.com.pe/wp-content/themes/inarco-peru/js/bootstrap.min.js]
[www.inarco.com.pe/wp-content/themes/inarco-peru/js/slippry.min.js]
[www.inarco.com.pe/wp-content/themes/inarco-peru/js/owl.carousel.min.js]
[www.inarco.com.pe/wp-content/themes/inarco-peru/js/jquery.fancybox.min.js]
[www.inarco.com.pe/wp-content/themes/inarco-peru/js/scotchPanels.min.js]
[www.inarco.com.pe/wp-content/themes/inarco-peru/js/theme.script.js]
[www.inarco.com.pe/wp-content/uploads/2019/01/dot2_1.png]
[www.inarco.com.pe/wp-content/uploads/2018/11/home-1.jpg]
[www.inarco.com.pe/wp-content/uploads/2019/01/britanico-slide-home.jpg]
[www.inarco.com.pe/wp-content/uploads/2019/01/paseo-san-martin-slide-home.jpg]
[www.inarco.com.pe/wp-content/uploads/2019/01/upc-slide-home.jpg]
[www.inarco.com.pe/wp-content/uploads/2018/11/paseo-san-martin.jpg]
[www.inarco.com.pe/wp-content/uploads/2019/07/ambar-proyecto-venta.jpg]
[www.inarco.com.pe/wp-content/uploads/2019/07/campina-proyecto.jpg]
[www.inarco.com.pe/wp-content/uploads/2019/07/proyecto-dos60.jpg]
[www.inarco.com.pe/wp-content/uploads/2021/10/maz-proyecto-venta.jpg]
[www.inarco.com.pe/wp-content/uploads/2022/06/sonhos-proyecto-venta.jpg]
[www.inarco.com.pe/wp-content/uploads/2022/08/henko-proyecto-venta.jpg]
[www.inarco.com.pe/wp-content/uploads/2018/11/capaco1.png]
[www.inarco.com.pe/wp-content/uploads/2018/11/capeco.png]
[www.inarco.com.pe/wp-content/uploads/2018/11/camara_chileno_peruana_de_comercio.png]
[www.inarco.com.pe/wp-content/themes/inarco-peru/images/logo-miembro-asei.png]
[www.inarco.com.pe/wp-content/uploads/2022/06/DCI-blanco.png]
[www.inarco.com.pe/wp-content/uploads/2021/07/POLITICA-DE-SEGURIDAD-SALUD-OCUPACIONAL-Y-MEDIO-AMBIENTE.pdf]
[www.inarco.com.pe/wp-includes/js/dist/vendor/regenerator-runtime.minb36a.js]
[www.inarco.com.pe/wp-includes/js/dist/vendor/wp-polyfill.min2c7c.js]
[www.inarco.com.pe/wp-content/plugins/contact-form-7/includes/js/index4245.js]
[www.inarco.com.pe/wp-content/plugins/wpcf7-redirect/build/js/wpcf7-redirect-frontend-script4963.js]
[www.google.com/recaptcha/api8cd0.js]
[www.inarco.com.pe/wp-content/plugins/contact-form-7/modules/recaptcha/index4245.js]
[www.inarco.com.pe/wp-includes/js/wp-embed.min38d6.js]
[www.inarco.com.pe/index.html]
[www.inarco.com.pe/wp-content/themes/inarco-peru/style6512.css]
[stackpath.bootstrapcdn.com/font-awesome/4.7.0/css/font-awesome.min.css]
[www.inarco.com.pe/wp-includes/css/dist/block-library/style.min38d6.css]
[www.inarco.com.pe/wp-content/plugins/contact-form-7/includes/css/styles4245.css]
[www.inarco.com.pe/wp-content/plugins/wpcf7-redirect/build/css/wpcf7-redirect-frontend.min38d6.css]
[www.googletagmanager.com/gtm5445.html]
[www.inarco.com.pe/wp-content/themes/inarco-peru/images/logo.svg]
[www.inarco.com.pe/wp-json/wp/v2/pages/242.json]
[www.inarco.com.pe/wp-json/oembed/1.0/embedc779.json]
[www.inarco.com.pe/wp-json/oembed/1.0/embed34f6]
[www.inarco.com.pe/wp-content/uploads/2018/11/denuncia-1.jpg]
[www.inarco.com.pe/canal-de-denuncias/index.html]
[www.inarco.com.pe/wp-json/wp/v2/pages/246.json]
[www.inarco.com.pe/wp-json/oembed/1.0/embed67e8.json]
[www.inarco.com.pe/wp-json/oembed/1.0/embedb9d9]
[www.inarco.com.pe/wp-content/uploads/2018/11/trabaja-con-nosotros.jpg]
[www.inarco.com.pe/trabaja-con-nosotros/index.html]
[www.inarco.com.pe/wp-json/wp/v2/pages/2052.json]
[www.inarco.com.pe/wp-json/oembed/1.0/embed2488.json]
[www.inarco.com.pe/wp-json/oembed/1.0/embed0e36]
[www.inarco.com.pe/wp-content/uploads/2022/09/POSTVENTA_INARCO.jpg]
[www.inarco.com.pe/postventa/index.html]
[www.inarco.com.pe/wp-json/wp/v2/pages/33.json]
[www.inarco.com.pe/wp-json/oembed/1.0/embed5d41.json]
[www.inarco.com.pe/wp-json/oembed/1.0/embedd432]
[www.inarco.com.pe/wp-content/uploads/2018/11/nosotros.jpg]
[www.inarco.com.pe/wp-content/uploads/2019/01/upc_nosotros.jpg]
[www.inarco.com.pe/wp-content/uploads/2019/01/britanico_nosotros.jpg]
[www.inarco.com.pe/wp-content/uploads/2019/01/utp1_nosotros.jpg]
[www.inarco.com.pe/wp-content/uploads/2019/01/vitalia_nosotros.jpg]
[www.inarco.com.pe/wp-content/uploads/2019/01/sodimac_nosotros.jpg]
[www.inarco.com.pe/wp-content/uploads/2019/01/utp2_nosotros.jpg]
[www.inarco.com.pe/wp-content/uploads/2019/01/oxford_nosotros.jpg]
[www.inarco.com.pe/wp-content/uploads/2018/11/fernando-garcia-huidibro.jpg]
[www.inarco.com.pe/wp-content/uploads/2018/11/anibal-ovalle.jpg]
[www.inarco.com.pe/wp-content/uploads/2018/11/foto-staff-3-sin-texto.jpg]
[www.inarco.com.pe/wp-content/uploads/2018/11/foto-staff-5.jpg]
[www.inarco.com.pe/wp-content/uploads/2018/11/foto-staff-2.jpg]
[www.inarco.com.pe/nosotros/index.html]
[www.inarco.com.pe/wp-json/wp/v2/pages/159.json]
[www.inarco.com.pe/wp-json/oembed/1.0/embed1693.json]
[www.inarco.com.pe/wp-json/oembed/1.0/embed9d98]
[www.inarco.com.pe/wp-content/uploads/2019/01/header-inmobiliaria1.jpg]
[www.inarco.com.pe/wp-content/uploads/2018/11/torre-novus.jpg]
[www.inarco.com.pe/wp-content/uploads/2018/11/condominio-paseo-san-martin.jpg]
[www.inarco.com.pe/wp-content/uploads/2018/11/vitalia2.jpg]
[www.inarco.com.pe/wp-content/uploads/2019/01/san-martin_inmobiliaria.jpg]
[www.inarco.com.pe/wp-content/uploads/2019/01/varela_inmobiliaria.jpg]
[www.inarco.com.pe/wp-content/uploads/2021/03/dos76jpg.jpg]
[www.inarco.com.pe/wp-content/uploads/2021/03/proyecto-dos60.jpg]
[www.inarco.com.pe/inmobiliaria/index.html]
[www.inarco.com.pe/wp-json/wp/v2/pages/181.json]
[www.inarco.com.pe/wp-json/oembed/1.0/embed3eca.json]
[www.inarco.com.pe/wp-json/oembed/1.0/embed1335]
[www.inarco.com.pe/wp-content/uploads/2018/11/proyectos-en-venta-1.jpg]
[www.inarco.com.pe/proyectos-en-venta/index.html]
[www.inarco.com.pe/wp-json/wp/v2/pages/188.json]
[www.inarco.com.pe/wp-json/oembed/1.0/embed5290.json]
[www.inarco.com.pe/wp-json/oembed/1.0/embeda866]
[www.inarco.com.pe/wp-content/uploads/2019/01/header-proyectos-ejecutados_1.jpg]
[www.inarco.com.pe/wp-content/uploads/2018/11/deck-upc-villa1.jpg]
[www.inarco.com.pe/wp-content/uploads/2018/11/ampliacion-britanico-surco1.jpg]
[www.inarco.com.pe/wp-content/uploads/2018/11/tienda-hm-plaza-arequipa.jpg]
[www.inarco.com.pe/wp-content/uploads/2018/11/wong-panorama.jpg]
[www.inarco.com.pe/wp-content/uploads/2018/11/condominio-ciudad-nueva-canta-callao.jpg]
[www.inarco.com.pe/wp-content/uploads/2018/11/nuevo-campus-utp-sjl.jpg]
[www.inarco.com.pe/wp-content/uploads/2018/11/hiperbodega-precio-uno.jpg]
[www.inarco.com.pe/wp-content/uploads/2018/11/ampliacion-real-plaza-piura.jpg]
[www.inarco.com.pe/wp-content/uploads/2018/11/planta-gloria-sede-huachipa.jpg]
[www.inarco.com.pe/wp-content/uploads/2018/11/colegio-futura-schools-sede-piura.jpg]
[www.inarco.com.pe/wp-content/uploads/2018/11/centro-distribucion-quimica-anders.jpg]
[www.inarco.com.pe/wp-content/uploads/2018/11/upc-san-isidro-ampliacion-pabellon-b.jpg]
[www.inarco.com.pe/wp-content/uploads/2018/11/casco-retail-cc-minka.jpg]
[www.inarco.com.pe/wp-content/uploads/2018/11/sede-britanico-los-jardines.jpg]
[www.inarco.com.pe/wp-content/uploads/2018/11/epc-centro-distribucion-oxford.jpg]
[www.inarco.com.pe/wp-content/uploads/2018/11/nuevo-campus-upc-san-miguel.jpg]
[www.inarco.com.pe/wp-content/uploads/2018/11/paris-cc-map-trujillo.jpg]
[www.inarco.com.pe/wp-content/uploads/2018/11/upc-campus-villa3.jpg]
[www.inarco.com.pe/wp-content/uploads/2018/11/paris-cc-la-rambla-brasil.jpg]
[www.inarco.com.pe/wp-content/uploads/2018/11/amplacion-1cc-real-plaza-huancayo.jpg]
[www.inarco.com.pe/wp-content/uploads/2018/11/sodimac-sjl.jpg]
[www.inarco.com.pe/wp-content/uploads/2018/11/sodimac-huacho.jpg]
[www.inarco.com.pe/wp-content/uploads/2018/11/paris-cc-plaza-lima-norte.jpg]
[www.inarco.com.pe/wp-content/uploads/2018/11/sodimac-constructor.jpg]
[www.inarco.com.pe/wp-content/uploads/2018/11/megaplaza-express-chincha.jpg]
[www.inarco.com.pe/wp-content/uploads/2018/11/centro-medico-cc-megaplaza.jpg]
[www.inarco.com.pe/wp-content/uploads/2018/11/metro-chimbote.jpg]
[www.inarco.com.pe/wp-content/uploads/2018/11/metro-ovalo-papal-trujillo.jpg]
[www.inarco.com.pe/wp-content/uploads/2018/11/cc-plaza-del-sol.jpg]
[www.inarco.com.pe/wp-content/uploads/2018/11/metro-faucett.jpg]
[www.inarco.com.pe/wp-content/uploads/2018/11/oficina-central-tupemesa.jpg]
[www.inarco.com.pe/wp-content/uploads/2018/11/ripley-chiclayo.jpg]
[www.inarco.com.pe/wp-content/uploads/2021/04/hotel_casa_andina.jpg]
[www.inarco.com.pe/wp-content/uploads/2021/04/ibis_trujillo.jpg]
[www.inarco.com.pe/wp-content/uploads/2021/04/innova_schools-1.jpg]
[www.inarco.com.pe/wp-content/uploads/2021/04/britanico_santamaria.jpg]
[www.inarco.com.pe/wp-content/uploads/2021/04/britanico_lasflores.jpg]
[www.inarco.com.pe/wp-content/uploads/2021/04/idat_sjm.jpg]
[www.inarco.com.pe/wp-content/uploads/2021/04/utp_santa_clara.jpg]
[www.inarco.com.pe/wp-content/uploads/2021/04/ampliacion_upn_sede_centro.jpg]
[www.inarco.com.pe/wp-content/uploads/2021/04/ups_campus_lima.jpg]
[www.inarco.com.pe/wp-content/uploads/2021/04/upc_sanmiguel.jpg]
[www.inarco.com.pe/wp-content/uploads/2021/04/upc_viila1.jpg]
[www.inarco.com.pe/wp-content/uploads/2021/04/upc_villa2.jpg]
[www.inarco.com.pe/wp-content/uploads/2021/04/upc_sanisidro.jpg]
[www.inarco.com.pe/wp-content/uploads/2021/04/corporativo_tailoy.jpg]
[www.inarco.com.pe/wp-content/uploads/2021/04/oficina_tupemesa.jpg]
[www.inarco.com.pe/wp-content/uploads/2021/04/complejo_residencial_ciudad_nueva.jpg]
[www.inarco.com.pe/wp-content/uploads/2021/04/inacap_curico.jpg]
[www.inarco.com.pe/wp-content/uploads/2021/04/aiep_bellavista.jpg]
[www.inarco.com.pe/wp-content/uploads/2021/04/edificio_donelias_chile.jpg]
[www.inarco.com.pe/wp-content/uploads/2021/04/molymet_chile.jpg]
[www.inarco.com.pe/wp-content/uploads/2021/04/ibis_hotel_concepcion.jpg]
[www.inarco.com.pe/wp-content/uploads/2021/04/ibis_alameda_chile.jpg]
[www.inarco.com.pe/wp-content/uploads/2021/04/ibis_providencia.jpg]
[www.inarco.com.pe/wp-content/uploads/2021/04/hotel_cumbres_vitacura.jpg]
[www.inarco.com.pe/wp-content/uploads/2021/04/hotel_cybm.jpg]
[www.inarco.com.pe/wp-content/uploads/2021/04/hotel_talbot.jpg]
[www.inarco.com.pe/wp-content/uploads/2021/04/plaza_vea.jpg]
[www.inarco.com.pe/wp-content/uploads/2018/12/puente-piedra.jpg]
[www.inarco.com.pe/wp-content/uploads/2021/04/mallplaza_comas.jpg]
[www.inarco.com.pe/wp-content/uploads/2021/04/realplaza_chiclayo.jpg]
[www.inarco.com.pe/wp-content/uploads/2021/04/ampliacion_estacionaminetos_realplaza_huancayo1.jpg]
[www.inarco.com.pe/wp-content/uploads/2021/04/metro_santaclara.jpg]
[www.inarco.com.pe/wp-content/uploads/2021/04/metro_penta_trujillo.jpg]
[www.inarco.com.pe/wp-content/uploads/2021/04/wong_panorama.jpg]
[www.inarco.com.pe/wp-content/uploads/2021/04/hm_realplaza_arequipa.jpg]
[www.inarco.com.pe/wp-content/uploads/2021/04/megaplaza_express_canete.jpg]
[www.inarco.com.pe/wp-content/uploads/2021/04/megaplaza_express_chincha.jpg]
[www.inarco.com.pe/wp-content/uploads/2021/04/metro_minka.jpg]
[www.inarco.com.pe/wp-content/uploads/2021/04/metro_minka_estacionamientos.jpg]
[www.inarco.com.pe/wp-content/uploads/2021/04/ripley_chiclayo.jpg]
[www.inarco.com.pe/wp-content/uploads/2021/04/centrodistribucion_molitalia.jpg]
[www.inarco.com.pe/wp-content/uploads/2021/04/latam_parque_logistico_limasur.jpg]
[www.inarco.com.pe/wp-content/uploads/2021/04/planta_procesamiento_ks.jpg]
[www.inarco.com.pe/wp-content/uploads/2021/04/cd_ves.jpg]
[www.inarco.com.pe/wp-content/uploads/2021/04/cd_quimica_anders_lurin.jpg]
[www.inarco.com.pe/wp-content/uploads/2021/04/paris1_chile.jpg]
[www.inarco.com.pe/wp-content/uploads/2021/04/paris2_chile.jpg]
[www.inarco.com.pe/wp-content/uploads/2021/04/cmpc_puentealto.jpg]
[www.inarco.com.pe/wp-content/uploads/2021/04/cmpc_talgante.jpg]
[www.inarco.com.pe/wp-content/uploads/2021/04/cd_fasa.jpg]
[www.inarco.com.pe/wp-content/uploads/2021/04/cd_sodimac.jpg]
[www.inarco.com.pe/wp-content/uploads/2021/04/cd_embotelladora_andina.jpg]
[www.inarco.com.pe/wp-content/uploads/2021/04/cd_unilever.jpg]
[www.inarco.com.pe/wp-content/uploads/2021/04/cd_kimberlyclark.jpg]
[www.inarco.com.pe/wp-content/uploads/2021/04/cd_ministorage.jpg]
[www.inarco.com.pe/wp-content/uploads/2021/04/cd_spacioflex.jpg]
[www.inarco.com.pe/wp-content/uploads/2021/04/cd_mersan.jpg]
[www.inarco.com.pe/wp-content/uploads/2021/04/cd_nestle.jpg]
[www.inarco.com.pe/wp-content/uploads/2021/04/cd_antofagasta.jpg]
[www.inarco.com.pe/wp-content/uploads/2021/04/oficinas_talleres_cummins.jpg]
[www.inarco.com.pe/wp-content/uploads/2021/04/oficinas_talleres_komatsu.jpg]
[www.inarco.com.pe/wp-content/uploads/2018/11/kasuari.jpg]
[www.inarco.com.pe/wp-content/uploads/2018/12/varela.jpg]
[www.inarco.com.pe/proyectos-ejecutados/index.html]
[www.inarco.com.pe/wp-json/wp/v2/pages/192.json]
[www.inarco.com.pe/wp-json/oembed/1.0/embede1cb.json]
[www.inarco.com.pe/wp-json/oembed/1.0/embedc339]
[www.inarco.com.pe/wp-content/uploads/2019/01/header-constructora_1.jpg]
[www.inarco.com.pe/wp-content/uploads/2019/01/logo_constructora-inarco-peru.jpg]
[www.inarco.com.pe/wp-content/uploads/2019/01/logo-pinamar.jpg]
[www.inarco.com.pe/wp-content/uploads/2019/01/logo_matek_industrializacion-cerchas.jpg]
[www.inarco.com.pe/wp-content/uploads/2019/01/logo-inmobiliaria-andes_construccion-edificios-habitacionales-oficinas.jpg]
[www.inarco.com.pe/wp-content/uploads/2019/01/logo_constructora-inarco-chile.jpg]
[www.inarco.com.pe/wp-content/uploads/2019/01/logo_greinco-fabricacion-soluciones-hormigon.jpg]
[www.inarco.com.pe/wp-content/uploads/2019/01/logo_famin-arriendo-maquinarias-construccion.jpg]
[www.inarco.com.pe/wp-content/uploads/2021/04/inarco_paraguay.jpg]
[www.inarco.com.pe/wp-content/uploads/2018/11/logo_1_ripley_1.jpg]
[www.inarco.com.pe/wp-content/uploads/2018/11/LogoUTP.jpg]
[www.inarco.com.pe/wp-content/uploads/2018/11/nuevo_logo_megaplaza.jpg]
[www.inarco.com.pe/wp-content/uploads/2018/11/logo_1_mall-aventura_1.jpg]
[www.inarco.com.pe/wp-content/uploads/2018/11/logo_1_paris-cencosud_1.jpg]
[www.inarco.com.pe/wp-content/uploads/2018/11/intregamedica.jpg]
[www.inarco.com.pe/wp-content/uploads/2018/11/ACPB.jpg]
[www.inarco.com.pe/wp-content/uploads/2018/11/logo_1_metro-cencosud_1.jpg]
[www.inarco.com.pe/wp-content/uploads/2018/11/logo_1_futura-schools_1.jpg]
[www.inarco.com.pe/wp-content/uploads/2018/11/logo_1_hym_1.jpg]
[www.inarco.com.pe/wp-content/uploads/2018/11/logo_1_ibis-hotels_1.jpg]
[www.inarco.com.pe/wp-content/uploads/2018/11/tupemesa.jpg]
[www.inarco.com.pe/wp-content/uploads/2018/11/novabildin.jpg]
[www.inarco.com.pe/wp-content/uploads/2018/11/oxford.jpg]
[www.inarco.com.pe/wp-content/uploads/2018/11/minka.jpg]
[www.inarco.com.pe/wp-content/uploads/2018/11/sodimac.jpg]
[www.inarco.com.pe/wp-content/uploads/2018/11/logo_1_anders_1.jpg]
[www.inarco.com.pe/wp-content/uploads/2019/01/arca-lindley1.jpg]
[www.inarco.com.pe/wp-content/uploads/2018/11/logo_1_gloria_1.jpg]
[www.inarco.com.pe/wp-content/uploads/2018/11/logo_1_idat_1.jpg]
[www.inarco.com.pe/wp-content/uploads/2018/11/logo_1_intercorp-retail_1.jpg]
[www.inarco.com.pe/wp-content/uploads/2018/11/logo_1_ks_1.jpg]
[www.inarco.com.pe/wp-content/uploads/2018/11/logo_1_paz-centenario_1.jpg]
[www.inarco.com.pe/wp-content/uploads/2018/11/logo_1_plaza-del-sol_1.jpg]
[www.inarco.com.pe/wp-content/uploads/2018/11/logo_1_precio-uno_1.jpg]
[www.inarco.com.pe/wp-content/uploads/2018/11/logo_1_realplaza_1.jpg]
[www.inarco.com.pe/wp-content/uploads/2018/11/logo_1_tai-loy_1.jpg]
[www.inarco.com.pe/wp-content/uploads/2018/11/logo_1_universidad-privada-norte_1.jpg]
[www.inarco.com.pe/wp-content/uploads/2018/11/logo_1_upc_1.jpg]
[www.inarco.com.pe/wp-content/uploads/2018/11/logo_1_wong-cencosud_1.jpg]
[www.inarco.com.pe/wp-content/uploads/2019/01/logo_latam_logistic_properties.jpg]
[www.inarco.com.pe/wp-content/uploads/2019/01/logo_mallplaza.jpg]
[www.inarco.com.pe/wp-content/uploads/2021/04/depo_seguro.jpg]
[www.inarco.com.pe/wp-content/uploads/2021/04/innova_schools.jpg]
[www.inarco.com.pe/wp-content/uploads/2021/04/molitalia.jpg]
[www.inarco.com.pe/wp-content/uploads/2021/04/nova_bildin.jpg]
[www.inarco.com.pe/wp-content/uploads/2021/04/toulouse_lautrec.jpg]
[www.inarco.com.pe/constructora/index.html]
[www.inarco.com.pe/wp-json/wp/v2/pages/233.json]
[www.inarco.com.pe/wp-json/oembed/1.0/embedfe0c.json]
[www.inarco.com.pe/wp-json/oembed/1.0/embed3180]
[www.inarco.com.pe/wp-content/uploads/2018/11/contacto-1.jpg]
[www.inarco.com.pe/contacto/index.html]
[www.inarco.com.pe/wp-json/wp/v2/pages/113.json]
[www.inarco.com.pe/wp-json/oembed/1.0/embed1396.json]
[www.inarco.com.pe/wp-json/oembed/1.0/embed46a8]
[www.inarco.com.pe/wp-content/uploads/2018/11/sanmartin-1.jpg]
[www.inarco.com.pe/wp-content/uploads/2018/11/sanmartin-2.jpg]
[www.inarco.com.pe/wp-content/uploads/2018/11/sanmartin-3.jpg]
[www.inarco.com.pe/wp-content/uploads/2018/11/sanmartin-4.jpg]
[www.inarco.com.pe/wp-content/uploads/2019/01/logo-paseosanmartin-respuesta-email.jpg]
[www.inarco.com.pe/wp-content/uploads/2018/11/IMG_1793-min.jpg]
[www.inarco.com.pe/wp-content/uploads/2018/11/IMG_1793-min-356x276.jpg]
[www.inarco.com.pe/wp-content/uploads/2018/11/IMG_1892-min.jpg]
[www.inarco.com.pe/wp-content/uploads/2018/11/IMG_1892-min-356x276.jpg]
[www.inarco.com.pe/wp-content/uploads/2018/11/IMG_1914-min.jpg]
[www.inarco.com.pe/wp-content/uploads/2018/11/IMG_1914-min-356x276.jpg]
[www.inarco.com.pe/wp-content/uploads/2018/11/IMG_1921-min.jpg]
[www.inarco.com.pe/wp-content/uploads/2018/11/IMG_1921-min-356x276.jpg]
[www.inarco.com.pe/wp-content/uploads/2018/11/VISTA-GENERAL-AV-10-DE-JUNIO-min.jpg]
[www.inarco.com.pe/wp-content/uploads/2018/11/VISTA-GENERAL-AV-10-DE-JUNIO-min-356x276.jpg]
[www.inarco.com.pe/proyectos-en-venta/paseo-san-martin/index.html]
[www.inarco.com.pe/wp-json/wp/v2/pages/933.json]
[www.inarco.com.pe/wp-json/oembed/1.0/embed1569.json]
[www.inarco.com.pe/wp-json/oembed/1.0/embed1710]
[www.inarco.com.pe/wp-content/uploads/2019/06/edificio-ambar-san-miguel-frontis-1.jpg]
[www.inarco.com.pe/wp-content/uploads/2019/05/slider_ambar_ext_dia.jpg]
[www.inarco.com.pe/wp-content/uploads/2019/05/slider_ambar_kitchenete.jpg]
[www.inarco.com.pe/wp-content/uploads/2019/05/slider_ambar_dormitorio.jpg]
[www.inarco.com.pe/wp-content/uploads/2019/05/slider_ambar_terraza.jpg]
[www.inarco.com.pe/wp-content/uploads/2021/03/LOGO-AMARI-1.png]
[www.inarco.com.pe/wp-content/uploads/2019/07/galeria-ambar-ecoamigable.gif]
[www.inarco.com.pe/wp-content/uploads/2019/07/galeria-ambar-ecoamigable-356x276.gif]
[www.inarco.com.pe/wp-content/uploads/2019/06/sum_galeria-edificio-ambar-san-miguel-miramar-lima.jpg]
[www.inarco.com.pe/wp-content/uploads/2019/06/sum_galeria-edificio-ambar-san-miguel-miramar-lima-356x276.jpg]
[www.inarco.com.pe/wp-content/uploads/2019/06/sala_comedor_galeria-edificio-ambar-san-miguel-miramar-lima_1.jpg]
[www.inarco.com.pe/wp-content/uploads/2019/06/sala_comedor_galeria-edificio-ambar-san-miguel-miramar-lima_1-356x276.jpg]
[www.inarco.com.pe/wp-content/uploads/2019/05/estar_galeria-edificio-ambar-san-miguel-miramar-lima.jpg]
[www.inarco.com.pe/wp-content/uploads/2019/05/estar_galeria-edificio-ambar-san-miguel-miramar-lima-356x276.jpg]
[www.inarco.com.pe/wp-content/uploads/2019/05/exterior_galeria-edificio-ambar-san-miguel-miramar-lima.jpg]
[www.inarco.com.pe/wp-content/uploads/2019/05/exterior_galeria-edificio-ambar-san-miguel-miramar-lima-356x276.jpg]
[www.inarco.com.pe/wp-content/uploads/2019/05/exterior-noche_galeria-edificio-ambar-san-miguel-miramar-lima.jpg]
[www.inarco.com.pe/wp-content/uploads/2019/05/exterior-noche_galeria-edificio-ambar-san-miguel-miramar-lima-356x276.jpg]
[www.inarco.com.pe/wp-content/uploads/2019/05/kitchennete_galeria-edificio-ambar-san-miguel-miramar-lima.jpg]
[www.inarco.com.pe/wp-content/uploads/2019/05/kitchennete_galeria-edificio-ambar-san-miguel-miramar-lima-356x276.jpg]
[www.inarco.com.pe/wp-content/uploads/2019/05/lobby_galeria-edificio-ambar-san-miguel-miramar-lima.jpg]
[www.inarco.com.pe/wp-content/uploads/2019/05/lobby_galeria-edificio-ambar-san-miguel-miramar-lima-356x276.jpg]
[www.inarco.com.pe/wp-content/uploads/2019/05/sala_comedor2_galeria-edificio-ambar-san-miguel-miramar-lima.jpg]
[www.inarco.com.pe/wp-content/uploads/2019/05/sala_comedor2_galeria-edificio-ambar-san-miguel-miramar-lima-356x276.jpg]
[www.inarco.com.pe/wp-content/uploads/2019/05/terraza_galeria-edificio-ambar-san-miguel-miramar-lima.jpg]
[www.inarco.com.pe/wp-content/uploads/2019/05/terraza_galeria-edificio-ambar-san-miguel-miramar-lima-356x276.jpg]
[www.inarco.com.pe/wp-content/uploads/2019/05/dormitorio_galeria-edificio-ambar-san-miguel-miramar-lima.jpg]
[www.inarco.com.pe/wp-content/uploads/2019/05/dormitorio_galeria-edificio-ambar-san-miguel-miramar-lima-356x276.jpg]
[www.inarco.com.pe/wp-content/uploads/2019/07/ambar-mapa-ubicacion-san-miguel-miramar.jpg]
[www.inarco.com.pe/wp-content/uploads/2019/07/ambar-mapa-ubicacion-san-miguel-miramar-356x276.jpg]
[www.inarco.com.pe/proyectos-en-venta/edificio-ambar-san-miguel-miramar/index.html]
[www.inarco.com.pe/wp-json/wp/v2/pages/844.json]
[www.inarco.com.pe/wp-json/oembed/1.0/embedd70b.json]
[www.inarco.com.pe/wp-json/oembed/1.0/embed7210]
[www.inarco.com.pe/wp-content/uploads/2019/04/condominio-villa-campina-vista-fachada-dia_departamento_chorrillos_jiron_juno.jpg]
[www.inarco.com.pe/wp-content/uploads/2019/04/condominio-villa-campina-sala-ninos_departamento_chorrillos_jiron_juno.jpg]
[www.inarco.com.pe/wp-content/uploads/2019/04/condominio-villa-campina-dormitorio-principal_departamento_chorrillos_jiron_juno.jpg]
[www.inarco.com.pe/wp-content/uploads/2019/04/condominio-villa-campina-parrillas_departamento_chorrillos_jiron_juno.jpg]
[www.inarco.com.pe/wp-content/uploads/2019/04/logo-condominio-bano_departamento_chorrillos_jiron_juno.jpg]
[www.inarco.com.pe/wp-content/uploads/2019/04/01-sala-comedor-1.jpg]
[www.inarco.com.pe/wp-content/uploads/2019/04/01-sala-comedor-1-356x276.jpg]
[www.inarco.com.pe/wp-content/uploads/2019/04/02-bano-principal.jpg]
[www.inarco.com.pe/wp-content/uploads/2019/04/02-bano-principal-356x276.jpg]
[www.inarco.com.pe/wp-content/uploads/2021/09/inarco_cam1_700.jpg]
[www.inarco.com.pe/wp-content/uploads/2021/09/inarco_cam1_700-356x276.jpg]
[www.inarco.com.pe/wp-content/uploads/2019/04/03-dormitorio-principal.jpg]
[www.inarco.com.pe/wp-content/uploads/2019/04/03-dormitorio-principal-356x276.jpg]
[www.inarco.com.pe/wp-content/uploads/2019/04/04-dormitorio-sec-nino.jpg]
[www.inarco.com.pe/wp-content/uploads/2019/04/04-dormitorio-sec-nino-356x276.jpg]
[www.inarco.com.pe/wp-content/uploads/2019/04/05-dormitorio-sec-2.jpg]
[www.inarco.com.pe/wp-content/uploads/2019/04/05-dormitorio-sec-2-356x276.jpg]
[www.inarco.com.pe/wp-content/uploads/2019/04/06-cocina.jpg]
[www.inarco.com.pe/wp-content/uploads/2019/04/06-cocina-356x276.jpg]
[www.inarco.com.pe/wp-content/uploads/2019/04/040319-gym.jpg]
[www.inarco.com.pe/wp-content/uploads/2019/04/040319-gym-356x276.jpg]
[www.inarco.com.pe/wp-content/uploads/2019/04/040319-sum.jpg]
[www.inarco.com.pe/wp-content/uploads/2019/04/040319-sum-356x276.jpg]
[www.inarco.com.pe/wp-content/uploads/2019/04/040319-terraza.jpg]
[www.inarco.com.pe/wp-content/uploads/2019/04/040319-terraza-356x276.jpg]
[www.inarco.com.pe/wp-content/uploads/2019/04/050319-coworking.jpg]
[www.inarco.com.pe/wp-content/uploads/2019/04/050319-coworking-356x276.jpg]
[www.inarco.com.pe/wp-content/uploads/2019/04/050319-parrillas.jpg]
[www.inarco.com.pe/wp-content/uploads/2019/04/050319-parrillas-356x276.jpg]
[www.inarco.com.pe/wp-content/uploads/2019/04/050319-sala-de-ninos.jpg]
[www.inarco.com.pe/wp-content/uploads/2019/04/050319-sala-de-ninos-356x276.jpg]
[www.inarco.com.pe/wp-content/uploads/2019/07/croquis-villa-campina.gif]
[www.inarco.com.pe/wp-content/uploads/2019/07/croquis-villa-campina-356x276.gif]
[www.inarco.com.pe/wp-content/uploads/2021/11/lobby.jpg]
[www.inarco.com.pe/wp-content/uploads/2021/11/lobby-356x276.jpg]
[www.inarco.com.pe/wp-content/uploads/2021/11/patio-interior.jpg]
[www.inarco.com.pe/wp-content/uploads/2021/11/patio-interior-356x276.jpg]
[www.inarco.com.pe/proyectos-en-venta/condominio-departamentos-villa-campina-chorrillos/index.html]
[www.inarco.com.pe/wp-json/wp/v2/pages/1246.json]
[www.inarco.com.pe/wp-json/oembed/1.0/embed25b8.json]
[www.inarco.com.pe/wp-json/oembed/1.0/embedfd6d]
[www.inarco.com.pe/wp-content/uploads/2019/06/frontis-noche_slider_dos60.jpg]
[www.inarco.com.pe/wp-content/uploads/2019/06/frontis_slider_dos60.jpg]
[www.inarco.com.pe/wp-content/uploads/2019/06/estacionamiento-bicicletas_slider_dos60.jpg]
[www.inarco.com.pe/wp-content/uploads/2019/06/dormitorio-principal_slider_dos60.jpg]
[www.inarco.com.pe/wp-content/uploads/2019/06/family-room_slider_dos60.jpg]
[www.inarco.com.pe/wp-content/uploads/2019/06/sala-comedor_slider_dos60.jpg]
[www.inarco.com.pe/wp-content/uploads/2019/06/sala-comedor-502_slider_dos60.jpg]
[www.inarco.com.pe/wp-content/uploads/2019/06/sala-comedor-503_slider_dos60.jpg]
[www.inarco.com.pe/wp-content/uploads/2019/06/terraza_slider_dos60.jpg]
[www.inarco.com.pe/wp-content/uploads/2019/06/logo-dos-60_departamentos-san-isidro.jpg]
[www.inarco.com.pe/wp-content/uploads/2019/06/102-departamento-san-isidro.jpg]
[www.inarco.com.pe/wp-content/uploads/2019/06/103-departamento-san-isidro.jpg]
[www.inarco.com.pe/wp-content/uploads/2019/06/104-departamento-san-isidro.jpg]
[www.inarco.com.pe/wp-content/uploads/2019/06/201-401-departamento-san-isidro.jpg]
[www.inarco.com.pe/wp-content/uploads/2019/06/203-403-departamento-san-isidro.jpg]
[www.inarco.com.pe/wp-content/uploads/2019/06/204-404-departamento-san-isidro.jpg]
[www.inarco.com.pe/wp-content/uploads/2019/06/502-departamento-san-isidro.jpg]
[www.inarco.com.pe/wp-content/uploads/2019/06/503-departamento-san-isidro.jpg]
[www.inarco.com.pe/wp-content/uploads/2019/06/504-departamento-san-isidro.jpg]
[www.inarco.com.pe/wp-content/uploads/2019/06/dormitorio-principal_dos-60-departamentos-san-isidro-lima.jpg]
[www.inarco.com.pe/wp-content/uploads/2019/06/dormitorio-principal_dos-60-departamentos-san-isidro-lima-356x276.jpg]
[www.inarco.com.pe/wp-content/uploads/2019/06/estacionamiento_dos-60-departamentos-san-isidro-lima.jpg]
[www.inarco.com.pe/wp-content/uploads/2019/06/estacionamiento_dos-60-departamentos-san-isidro-lima-356x276.jpg]
[www.inarco.com.pe/wp-content/uploads/2019/06/estacionamiento-bicicletas_dos-60-departamentos-san-isidro-lima.jpg]
[www.inarco.com.pe/wp-content/uploads/2019/06/estacionamiento-bicicletas_dos-60-departamentos-san-isidro-lima-356x276.jpg]
[www.inarco.com.pe/wp-content/uploads/2019/06/family-room_dos-60-departamentos-san-isidro-lima.jpg]
[www.inarco.com.pe/wp-content/uploads/2019/06/family-room_dos-60-departamentos-san-isidro-lima-356x276.jpg]
[www.inarco.com.pe/wp-content/uploads/2019/06/ficus-terraza_dos-60-departamentos-san-isidro-lima.jpg]
[www.inarco.com.pe/wp-content/uploads/2019/06/ficus-terraza_dos-60-departamentos-san-isidro-lima-356x276.jpg]
[www.inarco.com.pe/wp-content/uploads/2019/06/ficus-terraza2_dos-60-departamentos-san-isidro-lima.jpg]
[www.inarco.com.pe/wp-content/uploads/2019/06/ficus-terraza2_dos-60-departamentos-san-isidro-lima-356x276.jpg]
[www.inarco.com.pe/wp-content/uploads/2019/06/frontis-noche_dos-60-departamentos-san-isidro-lima.jpg]
[www.inarco.com.pe/wp-content/uploads/2019/06/frontis-noche_dos-60-departamentos-san-isidro-lima-356x276.jpg]
[www.inarco.com.pe/wp-content/uploads/2019/06/lobby_dos-60-departamentos-san-isidro-lima.jpg]
[www.inarco.com.pe/wp-content/uploads/2019/06/lobby_dos-60-departamentos-san-isidro-lima-356x276.jpg]
[www.inarco.com.pe/wp-content/uploads/2019/06/sala-comedor_dos-60-departamentos-san-isidro-lima.jpg]
[www.inarco.com.pe/wp-content/uploads/2019/06/sala-comedor_dos-60-departamentos-san-isidro-lima-356x276.jpg]
[www.inarco.com.pe/wp-content/uploads/2019/06/sala-comedor-401_dos-60-departamentos-san-isidro-lima.jpg]
[www.inarco.com.pe/wp-content/uploads/2019/06/sala-comedor-401_dos-60-departamentos-san-isidro-lima-356x276.jpg]
[www.inarco.com.pe/wp-content/uploads/2019/06/sala-comedor-502_dos-60-departamentos-san-isidro-lima.jpg]
[www.inarco.com.pe/wp-content/uploads/2019/06/sala-comedor-502_dos-60-departamentos-san-isidro-lima-356x276.jpg]
[www.inarco.com.pe/wp-content/uploads/2019/06/sala-coworking_dos-60-departamentos-san-isidro-lima.jpg]
[www.inarco.com.pe/wp-content/uploads/2019/06/sala-coworking_dos-60-departamentos-san-isidro-lima-356x276.jpg]
[www.inarco.com.pe/wp-content/uploads/2019/07/dos-60-caracteristicas.gif]
[www.inarco.com.pe/wp-content/uploads/2019/07/dos-60-caracteristicas-356x276.gif]
[www.inarco.com.pe/wp-content/uploads/2019/07/dos-60-caracteristicas-galeria.jpg]
[www.inarco.com.pe/wp-content/uploads/2019/07/dos-60-caracteristicas-galeria-356x276.jpg]
[www.inarco.com.pe/proyectos-en-venta/dos-60-departamentos-san-isidro-lima/index.html]
[www.inarco.com.pe/wp-json/wp/v2/pages/1731.json]
[www.inarco.com.pe/wp-json/oembed/1.0/embed6078.json]
[www.inarco.com.pe/wp-json/oembed/1.0/embed0289]
[www.inarco.com.pe/wp-content/uploads/2021/10/maz-cowork_slider.jpg]
[www.inarco.com.pe/wp-content/uploads/2021/10/maz-dormitorio-principal_slider.jpg]
[www.inarco.com.pe/wp-content/uploads/2021/10/maz-parrilla_slider.jpg]
[www.inarco.com.pe/wp-content/uploads/2021/10/maz-sala-comedor_slider.jpg]
[www.inarco.com.pe/wp-content/uploads/2021/10/logo-maz-web.jpg]
[www.inarco.com.pe/wp-content/uploads/2021/10/LOUGE-KARAOKE_MAZ_INARCO.jpg]
[www.inarco.com.pe/wp-content/uploads/2021/10/LOUGE-KARAOKE_MAZ_INARCO-356x276.jpg]
[www.inarco.com.pe/wp-content/uploads/2021/10/LOBBY-TORRE-A_INARCO.jpg]
[www.inarco.com.pe/wp-content/uploads/2021/10/LOBBY-TORRE-A_INARCO-356x276.jpg]
[www.inarco.com.pe/wp-content/uploads/2021/10/LOBBY-TORRE-B-ALTA_MAZ_INARCO.jpg]
[www.inarco.com.pe/wp-content/uploads/2021/10/LOBBY-TORRE-B-ALTA_MAZ_INARCO-356x276.jpg]
[www.inarco.com.pe/wp-content/uploads/2021/10/GYM_MAZ_INARCO.jpg]
[www.inarco.com.pe/wp-content/uploads/2021/10/GYM_MAZ_INARCO-356x276.jpg]
[www.inarco.com.pe/wp-content/uploads/2021/10/COWORKING_MAZ_INARCO.jpg]
[www.inarco.com.pe/wp-content/uploads/2021/10/COWORKING_MAZ_INARCO-356x276.jpg]
[www.inarco.com.pe/wp-content/uploads/2021/10/SALA-GAMER_MAZ_INARCO.jpg]
[www.inarco.com.pe/wp-content/uploads/2021/10/SALA-GAMER_MAZ_INARCO-356x276.jpg]
[www.inarco.com.pe/wp-content/uploads/2021/10/SALA-DE-NINOS-AREA-2_MAZ_INARCO.jpg]
[www.inarco.com.pe/wp-content/uploads/2021/10/SALA-DE-NINOS-AREA-2_MAZ_INARCO-356x276.jpg]
[www.inarco.com.pe/wp-content/uploads/2021/10/SALA-DE-NINOS-AREA-1_MAZ_INARCO.jpg]
[www.inarco.com.pe/wp-content/uploads/2021/10/SALA-DE-NINOS-AREA-1_MAZ_INARCO-356x276.jpg]
[www.inarco.com.pe/wp-content/uploads/2021/10/SALA-DE-JUEGOS-JOVENES_MAZ_INARCO.jpg]
[www.inarco.com.pe/wp-content/uploads/2021/10/SALA-DE-JUEGOS-JOVENES_MAZ_INARCO-356x276.jpg]
[www.inarco.com.pe/wp-content/uploads/2021/10/SALA-DE-BAILE_MAZ_INARCO.jpg]
[www.inarco.com.pe/wp-content/uploads/2021/10/SALA-DE-BAILE_MAZ_INARCO-356x276.jpg]
[www.inarco.com.pe/wp-content/uploads/2021/10/PING-PONG-AREA_MAZ_INARCO.jpg]
[www.inarco.com.pe/wp-content/uploads/2021/10/PING-PONG-AREA_MAZ_INARCO-356x276.jpg]
[www.inarco.com.pe/wp-content/uploads/2021/10/PATIO-DE-NINOS_MAZ_INARCO.jpg]
[www.inarco.com.pe/wp-content/uploads/2021/10/PATIO-DE-NINOS_MAZ_INARCO-356x276.jpg]
[www.inarco.com.pe/wp-content/uploads/2021/10/PARRILLA_MAZ_INARCO.jpg]
[www.inarco.com.pe/wp-content/uploads/2021/10/PARRILLA_MAZ_INARCO-356x276.jpg]
[www.inarco.com.pe/wp-content/uploads/2021/10/maz-cowork_slider-356x276.jpg]
[www.inarco.com.pe/wp-content/uploads/2021/10/maz-dormitorio-principal_slider-356x276.jpg]
[www.inarco.com.pe/wp-content/uploads/2021/10/maz-parrilla_slider-356x276.jpg]
[www.inarco.com.pe/wp-content/uploads/2021/10/maz-sala-comedor_slider-356x276.jpg]
[www.inarco.com.pe/wp-content/uploads/2021/10/maz-interior-bano-principal.jpg]
[www.inarco.com.pe/wp-content/uploads/2021/10/maz-interior-bano-principal-356x276.jpg]
[www.inarco.com.pe/wp-content/uploads/2021/10/maz-interior-cocina.jpg]
[www.inarco.com.pe/wp-content/uploads/2021/10/maz-interior-cocina-356x276.jpg]
[www.inarco.com.pe/wp-content/uploads/2021/10/maz-interior-DORMITORIO-SECUNDARIO.jpg]
[www.inarco.com.pe/wp-content/uploads/2021/10/maz-interior-DORMITORIO-SECUNDARIO-356x276.jpg]
[www.inarco.com.pe/wp-content/uploads/2021/10/maz-interior-DORMITORIO-SECUNDARIO-NINOS.jpg]
[www.inarco.com.pe/wp-content/uploads/2021/10/maz-interior-DORMITORIO-SECUNDARIO-NINOS-356x276.jpg]
[www.inarco.com.pe/wp-content/uploads/2021/10/maz-interiror-comedor-sala.jpg]
[www.inarco.com.pe/wp-content/uploads/2021/10/maz-interiror-comedor-sala-356x276.jpg]
[www.inarco.com.pe/wp-content/uploads/2021/10/maz-interiror-dorm-principal.jpg]
[www.inarco.com.pe/wp-content/uploads/2021/10/maz-interiror-dorm-principal-356x276.jpg]
[www.inarco.com.pe/proyectos-en-venta/maz/index.html]
[www.inarco.com.pe/wp-json/wp/v2/pages/1829.json]
[www.inarco.com.pe/wp-json/oembed/1.0/embed6ca0.json]
[www.inarco.com.pe/wp-json/oembed/1.0/embed83f5]
[www.inarco.com.pe/wp-content/uploads/2022/06/SONHOS-sala-slider.jpg]
[www.inarco.com.pe/wp-content/uploads/2022/06/SONHOS-cowork_slider.jpg]
[www.inarco.com.pe/wp-content/uploads/2022/06/SONHOS-dorm-slider.jpg]
[www.inarco.com.pe/wp-content/uploads/2022/06/SONHOS-piscina_slider.jpg]
[www.inarco.com.pe/wp-content/uploads/2022/06/logo-sonhos-web.jpg]
[www.inarco.com.pe/wp-content/uploads/2022/06/Sohnos_SALON-SOCIAL.jpg]
[www.inarco.com.pe/wp-content/uploads/2022/06/Sohnos_SALON-SOCIAL-356x276.jpg]
[www.inarco.com.pe/wp-content/uploads/2022/06/Sohnos_COWORKING.jpg]
[www.inarco.com.pe/wp-content/uploads/2022/06/Sohnos_COWORKING-356x276.jpg]
[www.inarco.com.pe/wp-content/uploads/2022/06/Sohnos_ESTACIO-BICI.jpg]
[www.inarco.com.pe/wp-content/uploads/2022/06/Sohnos_ESTACIO-BICI-356x276.jpg]
[www.inarco.com.pe/wp-content/uploads/2022/06/Sohnos_GYM.jpg]
[www.inarco.com.pe/wp-content/uploads/2022/06/Sohnos_GYM-356x276.jpg]
[www.inarco.com.pe/wp-content/uploads/2022/06/Sohnos_LAVANDERIA.jpg]
[www.inarco.com.pe/wp-content/uploads/2022/06/Sohnos_LAVANDERIA-356x276.jpg]
[www.inarco.com.pe/wp-content/uploads/2022/06/Sohnos_LOBBY.jpg]
[www.inarco.com.pe/wp-content/uploads/2022/06/Sohnos_LOBBY-356x276.jpg]
[www.inarco.com.pe/wp-content/uploads/2022/06/Sohnos_PARRILLA.jpg]
[www.inarco.com.pe/wp-content/uploads/2022/06/Sohnos_PARRILLA-356x276.jpg]
[www.inarco.com.pe/wp-content/uploads/2022/06/Sohnos_PISCINA.jpg]
[www.inarco.com.pe/wp-content/uploads/2022/06/Sohnos_PISCINA-356x276.jpg]
[www.inarco.com.pe/sonhos/index.html]
[www.inarco.com.pe/wp-json/wp/v2/pages/1894.json]
[www.inarco.com.pe/wp-json/oembed/1.0/embed7e8c.json]
[www.inarco.com.pe/wp-json/oembed/1.0/embede79d]
[www.inarco.com.pe/wp-content/uploads/2022/07/HENKO-cowork-slider.jpg]
[www.inarco.com.pe/wp-content/uploads/2022/07/HENKO-DORM-slider.jpg]
[www.inarco.com.pe/wp-content/uploads/2022/07/HENKO-living-slider.jpg]
[www.inarco.com.pe/wp-content/uploads/2022/07/HENKO-terraza-slider.jpg]
[www.inarco.com.pe/wp-content/uploads/2022/07/logo-henko-web.jpg]
[www.inarco.com.pe/wp-content/uploads/2022/07/ESPACIOS-COMUNES_0000_COWORKING-S.REUNIONES.jpg]
[www.inarco.com.pe/wp-content/uploads/2022/07/ESPACIOS-COMUNES_0000_COWORKING-S.REUNIONES-356x276.jpg]
[www.inarco.com.pe/wp-content/uploads/2022/07/ESPACIOS-COMUNES_0001_ESTACIONAMIENTO-BICICLETAS.jpg]
[www.inarco.com.pe/wp-content/uploads/2022/07/ESPACIOS-COMUNES_0001_ESTACIONAMIENTO-BICICLETAS-356x276.jpg]
[www.inarco.com.pe/wp-content/uploads/2022/07/ESPACIOS-COMUNES_0002_COWORKING.jpg]
[www.inarco.com.pe/wp-content/uploads/2022/07/ESPACIOS-COMUNES_0002_COWORKING-356x276.jpg]
[www.inarco.com.pe/wp-content/uploads/2022/07/ESPACIOS-COMUNES_0003_COWORKING2.jpg]
[www.inarco.com.pe/wp-content/uploads/2022/07/ESPACIOS-COMUNES_0003_COWORKING2-356x276.jpg]
[www.inarco.com.pe/wp-content/uploads/2022/07/ESPACIOS-COMUNES_0004_TERRAZA.jpg]
[www.inarco.com.pe/wp-content/uploads/2022/07/ESPACIOS-COMUNES_0004_TERRAZA-356x276.jpg]
[www.inarco.com.pe/wp-content/uploads/2022/07/ESPACIOS-COMUNES_0005_LOBBY.jpg]
[www.inarco.com.pe/wp-content/uploads/2022/07/ESPACIOS-COMUNES_0005_LOBBY-356x276.jpg]
[www.inarco.com.pe/wp-content/uploads/2022/07/ESPACIOS-COMUNES_0006_PISCINA.jpg]
[www.inarco.com.pe/wp-content/uploads/2022/07/ESPACIOS-COMUNES_0006_PISCINA-356x276.jpg]
[www.inarco.com.pe/wp-content/uploads/2022/07/ESPACIOS-COMUNES_0007_JARDIN-SECO.jpg]
[www.inarco.com.pe/wp-content/uploads/2022/07/ESPACIOS-COMUNES_0007_JARDIN-SECO-356x276.jpg]
[www.inarco.com.pe/wp-content/uploads/2022/07/henko_0000_Dpto-4-Henko-Sala_.jpg]
[www.inarco.com.pe/wp-content/uploads/2022/07/henko_0000_Dpto-4-Henko-Sala_-356x276.jpg]
[www.inarco.com.pe/wp-content/uploads/2022/07/henko_0001_Dpto-4-Henko-Cocina_.jpg]
[www.inarco.com.pe/wp-content/uploads/2022/07/henko_0001_Dpto-4-Henko-Cocina_-356x276.jpg]
[www.inarco.com.pe/wp-content/uploads/2022/07/henko_0002_Dpto-5-Henko-Cocina_.jpg]
[www.inarco.com.pe/wp-content/uploads/2022/07/henko_0002_Dpto-5-Henko-Cocina_-356x276.jpg]
[www.inarco.com.pe/wp-content/uploads/2022/07/henko_0003_Dpto-4-Henko-Dorm_.jpg]
[www.inarco.com.pe/wp-content/uploads/2022/07/henko_0003_Dpto-4-Henko-Dorm_-356x276.jpg]
[www.inarco.com.pe/wp-content/uploads/2022/07/henko_0004_Dpto-5-Henko-Dorm_.jpg]
[www.inarco.com.pe/wp-content/uploads/2022/07/henko_0004_Dpto-5-Henko-Dorm_-356x276.jpg]
[www.inarco.com.pe/wp-content/uploads/2022/07/henko_0005_Dpto-3-Henko-Sala.jpg]
[www.inarco.com.pe/wp-content/uploads/2022/07/henko_0005_Dpto-3-Henko-Sala-356x276.jpg]
[www.inarco.com.pe/wp-content/uploads/2022/07/henko_0006_Dpto-5-Henko-Sala_.jpg]
[www.inarco.com.pe/wp-content/uploads/2022/07/henko_0006_Dpto-5-Henko-Sala_-356x276.jpg]
[www.inarco.com.pe/proyectos-en-venta/henko/index.html]
[www.inarco.com.pe/wp-content/uploads/2018/11/institucional.svg]
[www.inarco.com.pe/wp-json/wp/v2/pages/380.json]
[www.inarco.com.pe/wp-json/oembed/1.0/embedbf83.json]
[www.inarco.com.pe/wp-json/oembed/1.0/embed18b6]
[www.inarco.com.pe/wp-content/uploads/2018/11/header-institucional_1.jpg]
[www.inarco.com.pe/wp-content/uploads/2018/11/campus-utp_1.jpg]
[www.inarco.com.pe/proyectos-ejecutados/institucional/index.html]
[www.inarco.com.pe/wp-content/uploads/2018/11/oficinas.svg]
[www.inarco.com.pe/wp-json/wp/v2/pages/378.json]
[www.inarco.com.pe/wp-json/oembed/1.0/embed934e.json]
[www.inarco.com.pe/wp-json/oembed/1.0/embed1760]
[www.inarco.com.pe/wp-content/uploads/2018/11/header-oficinas.jpg]
[www.inarco.com.pe/proyectos-ejecutados/oficinas/index.html]
[www.inarco.com.pe/wp-content/uploads/2019/01/comercial-1.svg]
[www.inarco.com.pe/wp-json/wp/v2/pages/382.json]
[www.inarco.com.pe/wp-json/oembed/1.0/embed05f2.json]
[www.inarco.com.pe/wp-json/oembed/1.0/embedd408]
[www.inarco.com.pe/wp-content/uploads/2018/11/header-comercial.jpg]
[www.inarco.com.pe/proyectos-ejecutados/comercial/index.html]
[www.inarco.com.pe/wp-content/uploads/2019/01/residencial.svg]
[www.inarco.com.pe/wp-json/wp/v2/pages/388.json]
[www.inarco.com.pe/wp-json/oembed/1.0/embede043.json]
[www.inarco.com.pe/wp-json/oembed/1.0/embedea14]
[www.inarco.com.pe/wp-content/uploads/2018/11/header-residencial-san-martin2.jpg]
[www.inarco.com.pe/proyectos-ejecutados/residencial/index.html]
[www.inarco.com.pe/wp-content/uploads/2018/11/industrial.svg]
[www.inarco.com.pe/wp-json/wp/v2/pages/390.json]
[www.inarco.com.pe/wp-json/oembed/1.0/embed7117.json]
[www.inarco.com.pe/wp-json/oembed/1.0/embed7821]
[www.inarco.com.pe/wp-content/uploads/2018/11/header-industrial_2.jpg]
[www.inarco.com.pe/wp-content/uploads/2018/11/planta-gloria-erca-sede-huachipa.jpg]
[www.inarco.com.pe/proyectos-ejecutados/industrial/index.html]
[www.inarco.com.pe/wp-content/uploads/2019/01/hotel.svg]
[www.inarco.com.pe/wp-content/uploads/2018/11/cbtb7-0pxcy.svg]
[www.inarco.com.pe/wp-content/uploads/2018/11/cchc.svg]
[www.inarco.com.pe/wp-json/wp/v2/pages/2004.json]
[www.inarco.com.pe/wp-json/oembed/1.0/embed5019.json]
[www.inarco.com.pe/wp-json/oembed/1.0/embed9313]
[www.inarco.com.pe/wp-content/plugins/forminator/assets/forminator-ui/js/select2.full.minb88b.js]
[www.inarco.com.pe/wp-content/plugins/forminator/assets/js/library/jquery.validate.minb88b.js]
[www.inarco.com.pe/wp-content/plugins/forminator/assets/forminator-ui/js/forminator-form.minb88b.js]
[www.inarco.com.pe/wp-content/plugins/forminator/build/front/front.multi.minb88b.js]
[www.inarco.com.pe/wp-content/plugins/forminator/assets/js/library/intlTelInput.minb88b.js]
[www.inarco.com.pe/wp-content/plugins/forminator/assets/js/library/inputmask.minb88b.js]
[www.inarco.com.pe/wp-content/plugins/forminator/assets/js/library/jquery.inputmask.minb88b.js]
[www.inarco.com.pe/wp-content/plugins/forminator/assets/js/library/inputmask.bindingb88b.js]
[www.inarco.com.pe/libro-de-reclamaciones/index.html]
[stackpath.bootstrapcdn.com/font-awesome/4.7.0/css/font-awesome.min.css]
[www.inarco.com.pe/indexa8b8.html]
[www.inarco.com.pe/index88a0.html]
[www.inarco.com.pe/index0180.html]
[www.inarco.com.pe/indexdd23.html]
[www.inarco.com.pe/indexb950.html]
[www.inarco.com.pe/index7c2c.html]
[www.inarco.com.pe/index9e8b.html]
[www.inarco.com.pe/index5a6a.html]
[www.inarco.com.pe/wp-content/uploads/2018/11/icono-mision.svg]
[www.inarco.com.pe/wp-content/uploads/2018/11/icono-vision.svg]
[www.inarco.com.pe/wp-content/uploads/2018/11/icono-valor.svg]
[www.inarco.com.pe/index85b0.html]
[www.inarco.com.pe/index3961.html]
[www.inarco.com.pe/wp-content/uploads/2018/11/estacionamiento.svg]
[www.inarco.com.pe/wp-content/uploads/2018/11/quinchos.svg]
[www.inarco.com.pe/wp-content/uploads/2018/11/gimnasio.svg]
[www.inarco.com.pe/wp-content/uploads/2018/11/lavanderia.svg]
[www.inarco.com.pe/wp-content/uploads/2018/11/vigilancia_24_hrs.svg]
[www.inarco.com.pe/wp-content/uploads/2018/11/excelente_ubicacion.svg]
[www.inarco.com.pe/wp-content/uploads/2018/11/sala-de-niNos-.svg]
[www.inarco.com.pe/wp-content/uploads/2018/11/sala-de-estudios.svg]
[www.inarco.com.pe/wp-content/uploads/2018/11/bono-verde.svg]
[www.inarco.com.pe/indexcf93.html]
[www.inarco.com.pe/wp-content/uploads/2019/04/sala_de_usos_multiples.svg]
[www.inarco.com.pe/wp-content/uploads/2018/11/jardines-verticales.svg]
[www.inarco.com.pe/wp-content/uploads/2019/05/Cerca-a-Centros-Comerciales.svg]
[www.inarco.com.pe/wp-content/uploads/2019/05/Cerca-a-Hospitales.svg]
[www.inarco.com.pe/wp-content/uploads/2019/05/Cerca-a-Parques.svg]
[www.inarco.com.pe/wp-content/uploads/2019/05/Cerca-Colegios.svg]
[www.inarco.com.pe/wp-content/uploads/2019/05/Cerca-al-Mar.svg]
[www.inarco.com.pe/wp-content/uploads/2019/05/Sala-de-Reuniones.svg]
[www.inarco.com.pe/wp-content/uploads/2019/05/Lobby.svg]
[www.inarco.com.pe/wp-content/uploads/2019/05/Recepcion.svg]
[www.inarco.com.pe/indexd1fc.html]
[www.inarco.com.pe/wp-content/uploads/2018/11/terraza.svg]
[www.inarco.com.pe/wp-content/uploads/2019/04/sala_de_reuniones.svg]
[www.inarco.com.pe/wp-content/uploads/2019/04/patio_central_con_juego_para_ninos.svg]
[www.inarco.com.pe/index00ab.html]
[www.inarco.com.pe/wp-content/uploads/2019/06/estacionamiento-bicicletas.svg]
[www.inarco.com.pe/index31bd.html]
[www.inarco.com.pe/wp-content/uploads/2021/10/baile.svg]
[www.inarco.com.pe/wp-content/uploads/2021/10/pingpong.svg]
[www.inarco.com.pe/wp-content/uploads/2021/10/karaoke.svg]
[www.inarco.com.pe/wp-content/uploads/2021/10/gaming.svg]
[www.inarco.com.pe/wp-content/uploads/2021/10/cowork.svg]
[www.inarco.com.pe/index1f8d.html]
[www.inarco.com.pe/wp-content/uploads/2018/11/piscina.svg]
[www.inarco.com.pe/indexff0e.html]
[www.inarco.com.pe/index0dc6.html]
[www.inarco.com.pe/indexe8d3.html]
[www.inarco.com.pe/index802e.html]
[www.inarco.com.pe/index42a9.html]
[www.inarco.com.pe/indexc351.html]
[www.inarco.com.pe/index98a6.html]
[www.inarco.com.pe/wp-content/uploads/forminator/css/style-2008dbe1.html]
[www.inarco.com.pe/wp-content/plugins/forminator/assets/forminator-ui/fonts/forminator-icons-font8782.eot]
[www.inarco.com.pe/wp-content/plugins/forminator/assets/forminator-ui/fonts/forminator-icons-font8782.woff2]
[www.inarco.com.pe/wp-content/plugins/forminator/assets/forminator-ui/fonts/forminator-icons-font8782.woff]
[www.inarco.com.pe/wp-content/plugins/forminator/assets/forminator-ui/fonts/forminator-icons-font8782.ttf]
[www.inarco.com.pe/wp-content/plugins/forminator/assets/forminator-ui/css/forminator-icons.minb88b.css]
[www.inarco.com.pe/wp-content/plugins/forminator/assets/forminator-ui/css/src/forminator-utilities.minb88b.css]
[www.inarco.com.pe/wp-content/plugins/forminator/assets/forminator-ui/css/src/grid/forminator-grid.open.minb88b.css]
[www.inarco.com.pe/wp-content/plugins/forminator/assets/forminator-ui/css/src/form/forminator-form-default.base.minb88b.css]
[www.inarco.com.pe/wp-content/plugins/forminator/assets/forminator-ui/css/src/form/forminator-form-default.select2.minb88b.css]
[www.inarco.com.pe/wp-content/plugins/forminator/assets/forminator-ui/css/src/form/forminator-form-default.full.minb88b.css]
[www.inarco.com.pe/wp-content/plugins/forminator/assets/img/flags.png]
[www.inarco.com.pe/wp-content/plugins/forminator/assets/img/flags@2x.png]
[www.inarco.com.pe/wp-content/plugins/forminator/assets/css/intlTelInput.minfa0c.css]
[www.inarco.com.pe/wp-includes/css/buttons.min38d6.css]
[www.inarco.com.pe/wp-content/plugins/forminator/assets/forminator-ui/fonts/forminator-icons-font8782.svg]
